[    4551ms] [INFO] 
    _____
 ___ |[]|_n__n_I_c
|___||__|###|____}
 O-O--O-O+++--O-O
****************************************
*                                      *
*           Enjoying Railway?          *
*                                      *
*         Want to ride with us?        *
*                                      *
*              Hop aboard,             *
*   the train is leaving the station!  *
*                                      *
*      https://railway.com/careers     *
*                                      *
****************************************
 @ https://railway.com/assets/main-CY1FwGGU.js:64
[    4551ms] [INFO] 
    _____
 ___ |[]|_n__n_I_c
|___||__|###|____}
 O-O--O-O+++--O-O
****************************************
*                                      *
*           Enjoying Railway?          *
*                                      *
*         Want to ride with us?        *
*                                      *
*              Hop aboard,             *
*   the train is leaving the station!  *
*                                      *
*      https://railway.com/careers     *
*                                      *
****************************************
 @ https://railway.com/assets/main-CY1FwGGU.js:102
[    5434ms] Error: Minified React error #421; visit https://reactjs.org/docs/error-decoder.html?invariant=421 for the full message or use the non-minified dev environment for full errors and additional helpful warnings.
    at cc (https://railway.com/assets/react-dom-CWIgXKDx.js:8:9367)
    at ac (https://railway.com/assets/react-dom-CWIgXKDx.js:8:7321)
    at Wl (https://railway.com/assets/react-dom-CWIgXKDx.js:8:45245)
    at Pl (https://railway.com/assets/react-dom-CWIgXKDx.js:8:39294)
    at Ml (https://railway.com/assets/react-dom-CWIgXKDx.js:8:39225)
    at jl (https://railway.com/assets/react-dom-CWIgXKDx.js:8:39085)
    at vl (https://railway.com/assets/react-dom-CWIgXKDx.js:8:34264)
    at te (https://railway.com/assets/react-dom-CWIgXKDx.js:1:1616)
    at MessagePort.se (https://railway.com/assets/react-dom-CWIgXKDx.js:1:1986)
[    5435ms] Error: Minified React error #421; visit https://reactjs.org/docs/error-decoder.html?invariant=421 for the full message or use the non-minified dev environment for full errors and additional helpful warnings.
    at cc (https://railway.com/assets/react-dom-CWIgXKDx.js:8:9367)
    at ac (https://railway.com/assets/react-dom-CWIgXKDx.js:8:7321)
    at Wl (https://railway.com/assets/react-dom-CWIgXKDx.js:8:45245)
    at Pl (https://railway.com/assets/react-dom-CWIgXKDx.js:8:39294)
    at Ml (https://railway.com/assets/react-dom-CWIgXKDx.js:8:39225)
    at jl (https://railway.com/assets/react-dom-CWIgXKDx.js:8:39085)
    at vl (https://railway.com/assets/react-dom-CWIgXKDx.js:8:34264)
    at te (https://railway.com/assets/react-dom-CWIgXKDx.js:1:1616)
    at MessagePort.se (https://railway.com/assets/react-dom-CWIgXKDx.js:1:1986)
[  340877ms] [INFO] 
    _____
 ___ |[]|_n__n_I_c
|___||__|###|____}
 O-O--O-O+++--O-O
****************************************
*                                      *
*           Enjoying Railway?          *
*                                      *
*         Want to ride with us?        *
*                                      *
*              Hop aboard,             *
*   the train is leaving the station!  *
*                                      *
*      https://railway.com/careers     *
*                                      *
****************************************
 @ https://railway.com/assets/main-CY1FwGGU.js:64
[  340877ms] [INFO] 
    _____
 ___ |[]|_n__n_I_c
|___||__|###|____}
 O-O--O-O+++--O-O
****************************************
*                                      *
*           Enjoying Railway?          *
*                                      *
*         Want to ride with us?        *
*                                      *
*              Hop aboard,             *
*   the train is leaving the station!  *
*                                      *
*      https://railway.com/careers     *
*                                      *
****************************************
 @ https://railway.com/assets/main-CY1FwGGU.js:102
[  342165ms] [ERROR] Error: <svg> attribute viewBox: Expected number, "0 0 100% 100%". @ https://cmp.osano.com/qVHEV4lSSU/738deb1e-f024-459e-ae0a-2e6a0d461ea8/osano.js:0
[  342165ms] [ERROR] Error: <svg> attribute viewBox: Expected number, "0 0 100% 100%". @ https://cmp.osano.com/qVHEV4lSSU/738deb1e-f024-459e-ae0a-2e6a0d461ea8/osano.js:0
[  342165ms] [ERROR] Error: <svg> attribute viewBox: Expected number, "0 0 100% 100%". @ https://cmp.osano.com/qVHEV4lSSU/738deb1e-f024-459e-ae0a-2e6a0d461ea8/osano.js:0
[  342166ms] [ERROR] Error: <svg> attribute viewBox: Expected number, "0 0 100% 100%". @ https://cmp.osano.com/qVHEV4lSSU/738deb1e-f024-459e-ae0a-2e6a0d461ea8/osano.js:0
[  342166ms] [ERROR] Error: <svg> attribute viewBox: Expected number, "0 0 100% 100%". @ https://cmp.osano.com/qVHEV4lSSU/738deb1e-f024-459e-ae0a-2e6a0d461ea8/osano.js:0
[  342166ms] [ERROR] Error: <svg> attribute viewBox: Expected number, "0 0 100% 100%". @ https://cmp.osano.com/qVHEV4lSSU/738deb1e-f024-459e-ae0a-2e6a0d461ea8/osano.js:0
[  342167ms] [ERROR] Error: <svg> attribute viewBox: Expected number, "0 0 100% 100%". @ https://cmp.osano.com/qVHEV4lSSU/738deb1e-f024-459e-ae0a-2e6a0d461ea8/osano.js:0
[  342167ms] [ERROR] Error: <svg> attribute viewBox: Expected number, "0 0 100% 100%". @ https://cmp.osano.com/qVHEV4lSSU/738deb1e-f024-459e-ae0a-2e6a0d461ea8/osano.js:0
[  342168ms] [ERROR] Error: <svg> attribute viewBox: Expected number, "0 0 100% 100%". @ https://cmp.osano.com/qVHEV4lSSU/738deb1e-f024-459e-ae0a-2e6a0d461ea8/osano.js:0
